/opt/homebrew/lib/python3.13/site-packages/pydantic/_internal/_config.py:373: UserWarning: Valid config keys have changed in V2:
* 'allow_population_by_field_name' has been renamed to 'validate_by_name'
  warnings.warn(message, UserWarning)
/opt/homebrew/lib/python3.13/site-packages/pydantic/_internal/_config.py:373: UserWarning: Valid config keys have changed in V2:
* 'allow_population_by_field_name' has been renamed to 'validate_by_name'
  warnings.warn(message, UserWarning)
‚ö†Ô∏è Schema verification system not available: No module named 'schema_verification'
Deliverable System not fully available: cannot import name 'get_supabase_client' from 'database' (consider renaming '/Users/pelleri/Documents/ai-team-orchestrator/backend/database.py' if it has the same name as a library you intended to import)
Memory or Deliverable System not fully available: cannot import name 'get_supabase_client' from 'database' (consider renaming '/Users/pelleri/Documents/ai-team-orchestrator/backend/database.py' if it has the same name as a library you intended to import)
‚ö†Ô∏è Schema verification system not available: No module named 'schema_verification'
/Users/pelleri/Documents/ai-team-orchestrator/backend/simple_server.py:58: DeprecationWarning: 
        on_event is deprecated, use lifespan event handlers instead.

        Read more about it in the
        [FastAPI docs for Lifespan Events](https://fastapi.tiangolo.com/advanced/events/).
        
  @app.on_event("startup")
INFO:     Started server process [37452]
INFO:     Waiting for application startup.
‚ö†Ô∏è Asset System not available in TaskExecutor: cannot import name 'AssetArtifactProcessor' from 'services' (/Users/pelleri/Documents/ai-team-orchestrator/backend/services/__init__.py)
üîß ENHANCED TASK EXECUTOR CONFIGURATION
auto_generation_enabled: True
analysis_enabled: True
INFO:     Application startup complete.
INFO:     Uvicorn running on http://0.0.0.0:8000 (Press CTRL+C to quit)
‚úÖ Workspaces routes registered
‚úÖ Director routes registered
‚úÖ Goals routes registered
üöÄ Starting simple server with task executor...
üöÄ Starting minimal components...
‚úÖ Task executor started
INFO:     127.0.0.1:62277 - "GET /health HTTP/1.1" 200 OK
[2m2025-07-13T09:25:52.395838Z[0m [[32m[1minfo     [0m] [1mRoute create_new_workspace called[0m [36mendpoint[0m=[35mcreate_new_workspace[0m [36mtrace_id[0m=[35munknown[0m
INFO:     127.0.0.1:62288 - "POST /api/workspaces/ HTTP/1.1" 201 Created
‚ùå Failed to generate asset requirements for goal a5a238af-7a38-4042-bcf2-5400f350370d: 'UnifiedDeliverableEngine' object has no attribute 'generate_from_goal'
Warning: Failed to log goal event: {'code': 'PGRST204', 'details': None, 'hint': None, 'message': "Could not find the 'message' column of 'logs' in the schema cache"}
INFO:     127.0.0.1:62288 - "POST /api/workspaces/da0bed5b-ced0-420c-980a-934607e1af09/goals HTTP/1.1" 200 OK
[2m2025-07-13T09:25:52.850004Z[0m [[32m[1minfo     [0m] [1mRoute create_team_proposal called[0m [36mendpoint[0m=[35mcreate_team_proposal[0m [36mtrace_id[0m=[35munknown[0m
[2m2025-07-13T09:25:52.924165Z[0m [[32m[1minfo     [0m] [1müéØ Using enhanced director for workspace da0bed5b-ced0-420c-980a-934607e1af09[0m [36mtrace_id[0m=[35munknown[0m
[2m2025-07-13T09:25:52.924343Z[0m [[32m[1minfo     [0m] [1müìä Using 0 strategic goals from database[0m [36mtrace_id[0m=[35munknown[0m
Preventing manager-to-manager handoff between similar roles: ElenaRossi (project manager) -> MarcoBianchi (lead developer).
Skipping invalid handoff spec {'from': 'ElenaRossi', 'to': ['GiuliaVerdi', 'LucaFerrari'], 'description': 'Project Manager coordinates tasks, sets priorities, and escalates issues to specialists as needed.'}: 2 validation errors for DirectorHandoffProposal
from_agent
  Field required [type=missing, input_value={'from': 'ElenaRossi', 't...specialists as needed.'}, input_type=dict]
    For further information visit https://errors.pydantic.dev/2.11/v/missing
to_agents
  Field required [type=missing, input_value={'from': 'ElenaRossi', 't...specialists as needed.'}, input_type=dict]
    For further information visit https://errors.pydantic.dev/2.11/v/missing
INFO:     127.0.0.1:62288 - "POST /api/director/proposal HTTP/1.1" 200 OK
[2m2025-07-13T09:26:08.305038Z[0m [[32m[1minfo     [0m] [1mRoute approve_team_proposal_endpoint called[0m [36mendpoint[0m=[35mapprove_team_proposal_endpoint[0m [36mtrace_id[0m=[35munknown[0m
[2m2025-07-13T09:26:08.442993Z[0m [[32m[1minfo     [0m] [1müöÄ PROPOSAL APPROVAL DEBUG: Starting agent creation for 4 agents[0m [36mtrace_id[0m=[35munknown[0m
[2m2025-07-13T09:26:08.443203Z[0m [[32m[1minfo     [0m] [1müìã Creating agent 1/4: ElenaRossi[0m [36mtrace_id[0m=[35munknown[0m
[2m2025-07-13T09:26:08.443304Z[0m [[32m[1minfo     [0m] [1müîß Tools configuration: [{'name': 'web_search', 'type': 'web_search', 'description': 'Web search capability'}][0m [36mtrace_id[0m=[35munknown[0m
[2m2025-07-13T09:26:08.443421Z[0m [[32m[1minfo     [0m] [1müîç Agent creation payload: {'workspace_id': 'da0bed5b-ced0-420c-980a-934607e1af09', 'name': 'ElenaRossi', 'role': 'Project Manager', 'seniority': 'senior', 'description': 'Oversees project execution, coordinates team, ensures milestones and quality standards are met.', 'system_prompt': 'You are a Project Manager. Your responsibilities include planning, coordinating, and monitoring project progress, facilitating communication, and ensuring deliverables meet requirements.', 'llm_config': {'model': 'gpt-4.1-mini', 'temperature': 0.3}, 'tools': [{'name': 'web_search', 'type': 'web_search', 'description': 'Web search capability'}], 'first_name': 'Elena', 'last_name': 'Rossi', 'personality_traits': ['analytical', 'collaborative'], 'communication_style': 'formal', 'hard_skills': [{'name': 'project management', 'level': 'expert'}, {'name': 'risk assessment', 'level': 'advanced'}], 'soft_skills': [{'name': 'leadership', 'level': 'expert'}, {'name': 'diplomacy', 'level': 'advanced'}], 'background_story': 'Elena has 12 years of experience managing cross-functional teams in technology and consulting, with a proven track record of delivering complex projects on time and within budget.'}[0m [36mtrace_id[0m=[35munknown[0m
[2m2025-07-13T09:26:08.506763Z[0m [[32m[1minfo     [0m] [1m‚úÖ Successfully created agent fe038d3f-e3cc-4503-8984-cce5d0642d0e: ElenaRossi[0m [36mtrace_id[0m=[35munknown[0m
[2m2025-07-13T09:26:08.506861Z[0m [[32m[1minfo     [0m] [1müìã Creating agent 2/4: MarcoBianchi[0m [36mtrace_id[0m=[35munknown[0m
[2m2025-07-13T09:26:08.506905Z[0m [[32m[1minfo     [0m] [1müîß Tools configuration: [{'name': 'web_search', 'type': 'web_search', 'description': 'Web search capability'}][0m [36mtrace_id[0m=[35munknown[0m
[2m2025-07-13T09:26:08.506971Z[0m [[32m[1minfo     [0m] [1müîç Agent creation payload: {'workspace_id': 'da0bed5b-ced0-420c-980a-934607e1af09', 'name': 'MarcoBianchi', 'role': 'Lead Developer', 'seniority': 'expert', 'description': 'Designs and implements core technical solutions, mentors team, ensures code quality and scalability.', 'system_prompt': 'You are a Lead Developer. Your responsibilities include architecting solutions, writing high-quality code, and providing technical guidance to the team.', 'llm_config': {'model': 'gpt-4.1', 'temperature': 0.3}, 'tools': [{'name': 'web_search', 'type': 'web_search', 'description': 'Web search capability'}], 'first_name': 'Marco', 'last_name': 'Bianchi', 'personality_traits': ['detail-oriented', 'innovative'], 'communication_style': 'technical', 'hard_skills': [{'name': 'software architecture', 'level': 'expert'}, {'name': 'full-stack development', 'level': 'expert'}], 'soft_skills': [{'name': 'problem solving', 'level': 'expert'}, {'name': 'mentoring', 'level': 'advanced'}], 'background_story': 'Marco is a seasoned software architect with 15 years in the industry, leading teams in developing scalable web and mobile applications for international clients.'}[0m [36mtrace_id[0m=[35munknown[0m
[2m2025-07-13T09:26:08.573237Z[0m [[32m[1minfo     [0m] [1m‚úÖ Successfully created agent 211b4311-784e-4a4c-b53b-7869d9c01a5d: MarcoBianchi[0m [36mtrace_id[0m=[35munknown[0m
[2m2025-07-13T09:26:08.573404Z[0m [[32m[1minfo     [0m] [1müìã Creating agent 3/4: GiuliaVerdi[0m [36mtrace_id[0m=[35munknown[0m
[2m2025-07-13T09:26:08.573465Z[0m [[32m[1minfo     [0m] [1müîß Tools configuration: [{'name': 'web_search', 'type': 'web_search', 'description': 'Web search capability'}][0m [36mtrace_id[0m=[35munknown[0m
[2m2025-07-13T09:26:08.573580Z[0m [[32m[1minfo     [0m] [1müîç Agent creation payload: {'workspace_id': 'da0bed5b-ced0-420c-980a-934607e1af09', 'name': 'GiuliaVerdi', 'role': 'UX/UI Designer', 'seniority': 'senior', 'description': 'Creates user-centered designs, prototypes interfaces, ensures accessibility and usability standards.', 'system_prompt': 'You are a UX/UI Designer. Your responsibilities include designing intuitive interfaces, conducting user research, and ensuring the product is visually appealing and accessible.', 'llm_config': {'model': 'gpt-4.1-mini', 'temperature': 0.3}, 'tools': [{'name': 'web_search', 'type': 'web_search', 'description': 'Web search capability'}], 'first_name': 'Giulia', 'last_name': 'Verdi', 'personality_traits': ['creative', 'adaptable'], 'communication_style': 'empathetic', 'hard_skills': [{'name': 'UX research', 'level': 'advanced'}, {'name': 'UI design', 'level': 'expert'}], 'soft_skills': [{'name': 'user empathy', 'level': 'expert'}, {'name': 'collaboration', 'level': 'advanced'}], 'background_story': 'Giulia has 10 years of experience designing digital products for startups and enterprises, with a passion for creating inclusive and delightful user experiences.'}[0m [36mtrace_id[0m=[35munknown[0m
[2m2025-07-13T09:26:08.667424Z[0m [[32m[1minfo     [0m] [1m‚úÖ Successfully created agent 4e143c39-57ff-4fca-8cbe-83a1a4734152: GiuliaVerdi[0m [36mtrace_id[0m=[35munknown[0m
[2m2025-07-13T09:26:08.667685Z[0m [[32m[1minfo     [0m] [1müìã Creating agent 4/4: LucaFerrari[0m [36mtrace_id[0m=[35munknown[0m
[2m2025-07-13T09:26:08.667776Z[0m [[32m[1minfo     [0m] [1müîß Tools configuration: [{'name': 'web_search', 'type': 'web_search', 'description': 'Web search capability'}][0m [36mtrace_id[0m=[35munknown[0m
[2m2025-07-13T09:26:08.667920Z[0m [[32m[1minfo     [0m] [1müîç Agent creation payload: {'workspace_id': 'da0bed5b-ced0-420c-980a-934607e1af09', 'name': 'LucaFerrari', 'role': 'QA Specialist', 'seniority': 'senior', 'description': 'Ensures product quality through rigorous testing, develops automated test suites, reports and tracks defects.', 'system_prompt': 'You are a QA Specialist. Your responsibilities include designing and executing test plans, automating tests, and ensuring product reliability and performance.', 'llm_config': {'model': 'gpt-4.1-mini', 'temperature': 0.3}, 'tools': [{'name': 'web_search', 'type': 'web_search', 'description': 'Web search capability'}], 'first_name': 'Luca', 'last_name': 'Ferrari', 'personality_traits': ['methodical', 'proactive'], 'communication_style': 'concise', 'hard_skills': [{'name': 'test automation', 'level': 'advanced'}, {'name': 'bug tracking', 'level': 'advanced'}], 'soft_skills': [{'name': 'attention to detail', 'level': 'expert'}, {'name': 'analytical thinking', 'level': 'advanced'}], 'background_story': 'Luca has 8 years of experience in software quality assurance, specializing in test automation and continuous integration for agile development teams.'}[0m [36mtrace_id[0m=[35munknown[0m
[2m2025-07-13T09:26:08.725202Z[0m [[32m[1minfo     [0m] [1m‚úÖ Successfully created agent 35fcad27-a8f7-4bb4-a8d0-932b3eddac0d: LucaFerrari[0m [36mtrace_id[0m=[35munknown[0m
[2m2025-07-13T09:26:08.725361Z[0m [[32m[1minfo     [0m] [1müìä AGENT CREATION SUMMARY: 4 agents created out of 4 proposed[0m [36mtrace_id[0m=[35munknown[0m
[2m2025-07-13T09:26:08.725432Z[0m [[32m[1minfo     [0m] [1müóÇÔ∏è Agent name to ID mapping: {'ElenaRossi': 'fe038d3f-e3cc-4503-8984-cce5d0642d0e', 'MarcoBianchi': '211b4311-784e-4a4c-b53b-7869d9c01a5d', 'GiuliaVerdi': '4e143c39-57ff-4fca-8cbe-83a1a4734152', 'LucaFerrari': '35fcad27-a8f7-4bb4-a8d0-932b3eddac0d'}[0m [36mtrace_id[0m=[35munknown[0m
‚ùå Errore creazione SpecialistAgent 4e143c39-57ff-4fca-8cbe-83a1a4734152 (GiuliaVerdi): 'str' object has no attribute 'value'
Traceback (most recent call last):
  File "/Users/pelleri/Documents/ai-team-orchestrator/backend/ai_agents/manager.py", line 146, in _validate_and_create_agents
    specialist = SpecialistAgent(
        agent_data=agent_model,
        all_workspace_agents_data=valid_agents  # Passa tutti per handoff
    )
  File "/Users/pelleri/Documents/ai-team-orchestrator/backend/ai_agents/specialist.py", line 356, in __init__
    self.agent = self._create_agent()
                 ~~~~~~~~~~~~~~~~~~^^
  File "/Users/pelleri/Documents/ai-team-orchestrator/backend/ai_agents/specialist.py", line 414, in _create_agent
    instructions = self._create_asset_oriented_specialist_prompt()
  File "/Users/pelleri/Documents/ai-team-orchestrator/backend/ai_agents/specialist.py", line 727, in _create_asset_oriented_specialist_prompt
    base_prompt = self._create_specialist_anti_loop_prompt()
  File "/Users/pelleri/Documents/ai-team-orchestrator/backend/ai_agents/specialist.py", line 600, in _create_specialist_anti_loop_prompt
    traits = [trait.value for trait in self.agent_data.personality_traits]
              ^^^^^^^^^^^
AttributeError: 'str' object has no attribute 'value'
‚ùå Errore creazione SpecialistAgent 35fcad27-a8f7-4bb4-a8d0-932b3eddac0d (LucaFerrari): 'str' object has no attribute 'value'
Traceback (most recent call last):
  File "/Users/pelleri/Documents/ai-team-orchestrator/backend/ai_agents/manager.py", line 146, in _validate_and_create_agents
    specialist = SpecialistAgent(
        agent_data=agent_model,
        all_workspace_agents_data=valid_agents  # Passa tutti per handoff
    )
  File "/Users/pelleri/Documents/ai-team-orchestrator/backend/ai_agents/specialist.py", line 356, in __init__
    self.agent = self._create_agent()
                 ~~~~~~~~~~~~~~~~~~^^
  File "/Users/pelleri/Documents/ai-team-orchestrator/backend/ai_agents/specialist.py", line 414, in _create_agent
    instructions = self._create_asset_oriented_specialist_prompt()
  File "/Users/pelleri/Documents/ai-team-orchestrator/backend/ai_agents/specialist.py", line 727, in _create_asset_oriented_specialist_prompt
    base_prompt = self._create_specialist_anti_loop_prompt()
  File "/Users/pelleri/Documents/ai-team-orchestrator/backend/ai_agents/specialist.py", line 600, in _create_specialist_anti_loop_prompt
    traits = [trait.value for trait in self.agent_data.personality_traits]
              ^^^^^^^^^^^
AttributeError: 'str' object has no attribute 'value'
[2m2025-07-13T09:26:09.029581Z[0m [[32m[1minfo     [0m] [1m‚úÖ AgentManager cache refreshed successfully for workspace da0bed5b-ced0-420c-980a-934607e1af09[0m [36mtrace_id[0m=[35munknown[0m
[2m2025-07-13T09:26:09.029722Z[0m [[32m[1minfo     [0m] [1mProcessing 0 handoff proposals for actual creation...[0m [36mtrace_id[0m=[35munknown[0m
[2m2025-07-13T09:26:09.094520Z[0m [[32m[1minfo     [0m] [1m‚úÖ Workspace da0bed5b-ced0-420c-980a-934607e1af09 activated successfully[0m [36mtrace_id[0m=[35munknown[0m
[2m2025-07-13T09:26:09.094688Z[0m [[32m[1minfo     [0m] [1müéØ Team approved for workspace da0bed5b-ced0-420c-980a-934607e1af09, checking for goals...[0m [36mtrace_id[0m=[35munknown[0m
[2m2025-07-13T09:26:09.166914Z[0m [[32m[1minfo     [0m] [1m‚úÖ Found 1 active goals, triggering auto-start[0m [36mtrace_id[0m=[35munknown[0m
[2m2025-07-13T09:26:09.167012Z[0m [[32m[1minfo     [0m] [1m‚úÖ 4 agents available for task assignment[0m [36mtrace_id[0m=[35munknown[0m
Failed to check operational constraints: No module named 'backend.services.memory_system'
Failed to calculate skip metrics: {'code': '42P01', 'details': None, 'hint': None, 'message': 'relation "public.execution_logs" does not exist'}
ATOE orchestration error, falling back to dynamic anti-loop: 'UnifiedOrchestrator' object has no attribute 'update_workspace_metrics'
Failed to calculate skip metrics: {'code': '42P01', 'details': None, 'hint': None, 'message': 'relation "public.execution_logs" does not exist'}
ATOE orchestration error, falling back to dynamic anti-loop: 'UnifiedOrchestrator' object has no attribute 'update_workspace_metrics'
Failed to get project context: cannot import name 'MemoryQueryRequest' from 'models' (/Users/pelleri/Documents/ai-team-orchestrator/backend/models.py)
üîß Missing summary in parsed result - generated intelligent summary
üîß Invalid status 'pending' - applying intelligent correction
Failed to check operational constraints: No module named 'backend.services.memory_system'
[2m2025-07-13T09:26:32.412951Z[0m [[32m[1minfo     [0m] [1m‚úÖ Auto-start triggered after team approval via director endpoint[0m [36mtrace_id[0m=[35munknown[0m
INFO:     127.0.0.1:62288 - "POST /api/director/approve/da0bed5b-ced0-420c-980a-934607e1af09?proposal_id=03937df9-d7f6-4389-a86a-6d5ce80793c4 HTTP/1.1" 200 OK
Failed to check operational constraints: No module named 'backend.services.memory_system'
Failed to check operational constraints: No module named 'backend.services.memory_system'
[2m2025-07-13T09:26:53.079568Z[0m [[32m[1minfo     [0m] [1mRoute get_workspace_tasks called[0m [36mendpoint[0m=[35mget_workspace_tasks[0m [36mtrace_id[0m=[35munknown[0m
[2m2025-07-13T09:26:53.231133Z[0m [[32m[1minfo     [0m] [1müìã Retrieved 3 tasks for workspace da0bed5b-ced0-420c-980a-934607e1af09 (filter: None)[0m [36mtrace_id[0m=[35munknown[0m
INFO:     127.0.0.1:62307 - "GET /api/workspaces/da0bed5b-ced0-420c-980a-934607e1af09/tasks HTTP/1.1" 200 OK
Failed to check operational constraints: No module named 'backend.services.memory_system'
[2m2025-07-13T09:27:13.236921Z[0m [[32m[1minfo     [0m] [1mRoute get_workspace_tasks called[0m [36mendpoint[0m=[35mget_workspace_tasks[0m [36mtrace_id[0m=[35munknown[0m
[2m2025-07-13T09:27:13.431570Z[0m [[32m[1minfo     [0m] [1müìã Retrieved 3 tasks for workspace da0bed5b-ced0-420c-980a-934607e1af09 (filter: None)[0m [36mtrace_id[0m=[35munknown[0m
INFO:     127.0.0.1:62311 - "GET /api/workspaces/da0bed5b-ced0-420c-980a-934607e1af09/tasks HTTP/1.1" 200 OK
Failed to check operational constraints: No module named 'backend.services.memory_system'
Failed to check operational constraints: No module named 'backend.services.memory_system'
Failed to calculate skip metrics: {'code': '42P01', 'details': None, 'hint': None, 'message': 'relation "public.execution_logs" does not exist'}
ATOE orchestration error, falling back to dynamic anti-loop: 'UnifiedOrchestrator' object has no attribute 'update_workspace_metrics'
üö® High skip rate (50.0%) for W:da0bed5b - recommending limit increase to 25
Failed to calculate skip metrics: {'code': '42P01', 'details': None, 'hint': None, 'message': 'relation "public.execution_logs" does not exist'}
ATOE orchestration error, falling back to dynamic anti-loop: 'UnifiedOrchestrator' object has no attribute 'update_workspace_metrics'
üö® High skip rate (50.0%) for W:da0bed5b - recommending limit increase to 25
Unhandled error in coordination layer for task 1d60049e-1260-44df-b214-3f72887bea51: Agent 4e143c39-57ff-4fca-8cbe-83a1a4734152 not found in manager for task 1d60049e-1260-44df-b214-3f72887bea51
Traceback (most recent call last):
  File "/Users/pelleri/Documents/ai-team-orchestrator/backend/executor.py", line 1801, in _execute_task_with_anti_loop_and_tracking
    raise ValueError(f"Agent {agent_id} not found in manager for task {task_id}")
ValueError: Agent 4e143c39-57ff-4fca-8cbe-83a1a4734152 not found in manager for task 1d60049e-1260-44df-b214-3f72887bea51
Error storing context: {'code': 'PGRST204', 'details': None, 'hint': None, 'message': "Could not find the 'content' column of 'memory_context' in the schema cache"}
Traceback (most recent call last):
  File "/Users/pelleri/Documents/ai-team-orchestrator/backend/executor.py", line 1801, in _execute_task_with_anti_loop_and_tracking
    raise ValueError(f"Agent {agent_id} not found in manager for task {task_id}")
ValueError: Agent 4e143c39-57ff-4fca-8cbe-83a1a4734152 not found in manager for task 1d60049e-1260-44df-b214-3f72887bea51

During handling of the above exception, another exception occurred:

Traceback (most recent call last):
  File "/Users/pelleri/Documents/ai-team-orchestrator/backend/services/unified_memory_engine.py", line 174, in store_context
    response = await self.supabase.table("memory_context").insert(db_record).execute()
                     ~~~~~~~~~~~~~~~~~~~~~~~~~~~~~~~~~~~~~~~~~~~~~~~~~~~~~~~~~~~~~~~^^
  File "/opt/homebrew/lib/python3.13/site-packages/postgrest/_sync/request_builder.py", line 78, in execute
    raise APIError(r.json())
postgrest.exceptions.APIError: {'code': 'PGRST204', 'details': None, 'hint': None, 'message': "Could not find the 'content' column of 'memory_context' in the schema cache"}
[2m2025-07-13T09:27:33.436471Z[0m [[32m[1minfo     [0m] [1mRoute get_workspace_tasks called[0m [36mendpoint[0m=[35mget_workspace_tasks[0m [36mtrace_id[0m=[35munknown[0m
[2m2025-07-13T09:27:33.580433Z[0m [[32m[1minfo     [0m] [1müìã Retrieved 3 tasks for workspace da0bed5b-ced0-420c-980a-934607e1af09 (filter: None)[0m [36mtrace_id[0m=[35munknown[0m
INFO:     127.0.0.1:62316 - "GET /api/workspaces/da0bed5b-ced0-420c-980a-934607e1af09/tasks HTTP/1.1" 200 OK
Failed to check operational constraints: No module named 'backend.services.memory_system'
Failed to calculate skip metrics: {'code': '42P01', 'details': None, 'hint': None, 'message': 'relation "public.execution_logs" does not exist'}
ATOE orchestration error, falling back to dynamic anti-loop: 'UnifiedOrchestrator' object has no attribute 'update_workspace_metrics'
üö® High skip rate (66.7%) for W:da0bed5b - recommending limit increase to 25
Failed to calculate skip metrics: {'code': '42P01', 'details': None, 'hint': None, 'message': 'relation "public.execution_logs" does not exist'}
ATOE orchestration error, falling back to dynamic anti-loop: 'UnifiedOrchestrator' object has no attribute 'update_workspace_metrics'
üö® High skip rate (66.7%) for W:da0bed5b - recommending limit increase to 25
Failed to get project context: cannot import name 'MemoryQueryRequest' from 'models' (/Users/pelleri/Documents/ai-team-orchestrator/backend/models.py)
Failed to get workspace discoveries: cannot import name 'MemoryQueryRequest' from 'models' (/Users/pelleri/Documents/ai-team-orchestrator/backend/models.py)
Failed to get workspace discoveries: cannot import name 'MemoryQueryRequest' from 'models' (/Users/pelleri/Documents/ai-team-orchestrator/backend/models.py)
Failed to get workspace discoveries: cannot import name 'MemoryQueryRequest' from 'models' (/Users/pelleri/Documents/ai-team-orchestrator/backend/models.py)
Failed to get project context: cannot import name 'MemoryQueryRequest' from 'models' (/Users/pelleri/Documents/ai-team-orchestrator/backend/models.py)
Failed to get project context: cannot import name 'MemoryQueryRequest' from 'models' (/Users/pelleri/Documents/ai-team-orchestrator/backend/models.py)
Failed to get project context: cannot import name 'MemoryQueryRequest' from 'models' (/Users/pelleri/Documents/ai-team-orchestrator/backend/models.py)
Failed to get project context: cannot import name 'MemoryQueryRequest' from 'models' (/Users/pelleri/Documents/ai-team-orchestrator/backend/models.py)
Failed to get project context: cannot import name 'MemoryQueryRequest' from 'models' (/Users/pelleri/Documents/ai-team-orchestrator/backend/models.py)
Failed to get project context: cannot import name 'MemoryQueryRequest' from 'models' (/Users/pelleri/Documents/ai-team-orchestrator/backend/models.py)
Failed to get project context: cannot import name 'MemoryQueryRequest' from 'models' (/Users/pelleri/Documents/ai-team-orchestrator/backend/models.py)
Failed to get project context: cannot import name 'MemoryQueryRequest' from 'models' (/Users/pelleri/Documents/ai-team-orchestrator/backend/models.py)
Failed to get project context: cannot import name 'MemoryQueryRequest' from 'models' (/Users/pelleri/Documents/ai-team-orchestrator/backend/models.py)
Failed to get project context: cannot import name 'MemoryQueryRequest' from 'models' (/Users/pelleri/Documents/ai-team-orchestrator/backend/models.py)
Failed to get project context: cannot import name 'MemoryQueryRequest' from 'models' (/Users/pelleri/Documents/ai-team-orchestrator/backend/models.py)
Failed to get project context: cannot import name 'MemoryQueryRequest' from 'models' (/Users/pelleri/Documents/ai-team-orchestrator/backend/models.py)
Failed to get project context: cannot import name 'MemoryQueryRequest' from 'models' (/Users/pelleri/Documents/ai-team-orchestrator/backend/models.py)
Failed to get project context: cannot import name 'MemoryQueryRequest' from 'models' (/Users/pelleri/Documents/ai-team-orchestrator/backend/models.py)
Failed to get project context: cannot import name 'MemoryQueryRequest' from 'models' (/Users/pelleri/Documents/ai-team-orchestrator/backend/models.py)
‚ùå Error executing task 221f8b82-8466-4ca9-ae7f-9cdc4fe692f1: Max turns (20) exceeded
Traceback (most recent call last):
  File "/Users/pelleri/Documents/ai-team-orchestrator/backend/ai_agents/specialist.py", line 1014, in execute
    run_result = await Runner.run(self.agent, str(task.model_dump()), max_turns=20)
                 ^^^^^^^^^^^^^^^^^^^^^^^^^^^^^^^^^^^^^^^^^^^^^^^^^^^^^^^^^^^^^^^^^^
  File "/opt/homebrew/lib/python3.13/site-packages/agents/run.py", line 212, in run
    raise MaxTurnsExceeded(f"Max turns ({max_turns}) exceeded")
agents.exceptions.MaxTurnsExceeded: Max turns (20) exceeded
